0 fffffda6 trap_G2API_CollisionDetect
0 fffffda7 trap_G2API_CleanGhoul2Models
0 fffffda8 trap_G2API_RemoveGhoul2Model
0 fffffda9 trap_G2API_HasGhoul2ModelOnIndex
0 fffffdaa trap_G2API_DuplicateGhoul2Instance
0 fffffdab trap_G2API_CopySpecificGhoul2Model
0 fffffdac trap_G2API_CopyGhoul2Instance
0 fffffdad trap_G2API_GetGLAName
0 fffffdae trap_G2API_SetBoneAnim
0 fffffdaf trap_G2API_SetBoneAngles
0 fffffdb0 trap_G2API_SetBoltInfo
0 fffffdb1 trap_G2API_AddBolt
0 fffffdb2 trap_G2API_InitGhoul2Model
0 fffffdb3 trap_G2API_GetBoltMatrix_NoRecNoRot
0 fffffdb4 trap_G2API_GetBoltMatrix_NoReconstruct
0 fffffdb5 trap_G2API_GetBoltMatrix
0 fffffdb6 trap_G2_SetGhoul2ModelIndexes
0 fffffdb7 trap_G2_HaveWeGhoul2Models
0 fffffdb8 trap_G2_ListModelSurfaces
0 fffffdb9 trap_G2_ListModelBones
0 fffffdba trap_PC_SourceFileAndLine
0 fffffdbb trap_PC_ReadToken
0 fffffdbc trap_PC_FreeSource
0 fffffdbd trap_PC_LoadSource
0 fffffdbe trap_AAS_PointReachabilityAreaIndex
0 fffffdbf trap_AAS_PredictRoute
0 fffffdc0 trap_AAS_AlternativeRouteGoals
0 fffffdc1 trap_BotAddAvoidSpot
0 fffffdc2 trap_BotSetAvoidGoalTime
0 fffffdc3 trap_BotPredictVisiblePosition
0 fffffdc4 trap_BotRemoveFromAvoidGoals
0 fffffdc5 trap_BotGetChatMessage
0 fffffdc6 trap_BotNumInitialChats
0 fffffdc7 trap_BotGetMapLocationGoal
0 fffffdc8 trap_BotGetNextCampSpotGoal
0 fffffdc9 trap_BotMutateGoalFuzzyLogic
0 fffffdca trap_BotInterbreedGoalFuzzyLogic
0 fffffdcb trap_GeneticParentsAndChildSelection
0 fffffdcc trap_BotResetWeaponState
0 fffffdcd trap_BotFreeWeaponState
0 fffffdce trap_BotAllocWeaponState
0 fffffdcf trap_BotLoadWeaponWeights
0 fffffdd0 trap_BotGetWeaponInfo
0 fffffdd1 trap_BotChooseBestFightWeapon
0 fffffdd2 trap_BotInitMoveState
0 fffffdd3 trap_BotFreeMoveState
0 fffffdd4 trap_BotAllocMoveState
0 fffffdd5 trap_BotMovementViewTarget
0 fffffdd6 trap_BotReachabilityArea
0 fffffdd7 trap_BotResetLastAvoidReach
0 fffffdd8 trap_BotResetAvoidReach
0 fffffdd9 trap_BotMoveInDirection
0 fffffdda trap_BotMoveToGoal
0 fffffddb trap_BotResetMoveState
0 fffffddc trap_BotFreeGoalState
0 fffffddd trap_BotAllocGoalState
0 fffffdde trap_BotSaveGoalFuzzyLogic
0 fffffddf trap_BotFreeItemWeights
0 fffffde0 trap_BotLoadItemWeights
0 fffffde1 trap_BotUpdateEntityItems
0 fffffde2 trap_BotInitLevelItems
0 fffffde3 trap_BotAvoidGoalTime
0 fffffde4 trap_BotGetLevelItemGoal
0 fffffde5 trap_BotItemGoalInVisButNotVisible
0 fffffde6 trap_BotTouchingGoal
0 fffffde7 trap_BotChooseNBGItem
0 fffffde8 trap_BotChooseLTGItem
0 fffffde9 trap_BotGetSecondGoal
0 fffffdea trap_BotGetTopGoal
0 fffffdeb trap_BotGoalName
0 fffffdec trap_BotDumpGoalStack
0 fffffded trap_BotDumpAvoidGoals
0 fffffdee trap_BotEmptyGoalStack
0 fffffdef trap_BotPopGoal
0 fffffdf0 trap_BotPushGoal
0 fffffdf1 trap_BotResetAvoidGoals
0 fffffdf2 trap_BotResetGoalState
0 fffffdf3 trap_BotSetChatName
0 fffffdf4 trap_BotSetChatGender
0 fffffdf5 trap_BotLoadChatFile
0 fffffdf6 trap_BotReplaceSynonyms
0 fffffdf7 trap_UnifyWhiteSpaces
0 fffffdf8 trap_BotMatchVariable
0 fffffdf9 trap_BotFindMatch
0 fffffdfa trap_StringContains
0 fffffdfb trap_BotEnterChat
0 fffffdfc trap_BotChatLength
0 fffffdfd trap_BotReplyChat
0 fffffdfe trap_BotInitialChat
0 fffffdff trap_BotNumConsoleMessages
0 fffffe00 trap_BotNextConsoleMessage
0 fffffe01 trap_BotRemoveConsoleMessage
0 fffffe02 trap_BotQueueConsoleMessage
0 fffffe03 trap_BotFreeChatState
0 fffffe04 trap_BotAllocChatState
0 fffffe05 trap_Characteristic_String
0 fffffe06 trap_Characteristic_BInteger
0 fffffe07 trap_Characteristic_Integer
0 fffffe08 trap_Characteristic_BFloat
0 fffffe09 trap_Characteristic_Float
0 fffffe0a trap_BotFreeCharacter
0 fffffe0b trap_BotLoadCharacter
0 fffffe56 trap_EA_ResetInput
0 fffffe57 trap_EA_GetInput
0 fffffe58 trap_EA_EndRegular
0 fffffe59 trap_EA_View
0 fffffe5a trap_EA_Move
0 fffffe5b trap_EA_DelayedJump
0 fffffe5c trap_EA_Jump
0 fffffe5d trap_EA_SelectWeapon
0 fffffe5e trap_EA_MoveRight
0 fffffe5f trap_EA_MoveLeft
0 fffffe60 trap_EA_MoveBack
0 fffffe61 trap_EA_MoveForward
0 fffffe62 trap_EA_MoveDown
0 fffffe63 trap_EA_MoveUp
0 fffffe64 trap_EA_Crouch
0 fffffe65 trap_EA_Respawn
0 fffffe66 trap_EA_Use
0 fffffe67 trap_EA_ForcePower
0 fffffe68 trap_EA_Alt_Attack
0 fffffe69 trap_EA_Attack
0 fffffe6a trap_EA_Talk
0 fffffe6b trap_EA_Gesture
0 fffffe6c trap_EA_Action
0 fffffe6d trap_EA_Command
0 fffffe6e trap_EA_SayTeam
0 fffffe6f trap_EA_Say
0 fffffec1 trap_AAS_PredictClientMovement
0 fffffec2 trap_AAS_Swimming
0 fffffec3 trap_AAS_AreaTravelTimeToGoalArea
0 fffffec4 trap_AAS_AreaReachability
0 fffffec5 trap_AAS_IntForBSPEpairKey
0 fffffec6 trap_AAS_FloatForBSPEpairKey
0 fffffec7 trap_AAS_VectorForBSPEpairKey
0 fffffec8 trap_AAS_ValueForBSPEpairKey
0 fffffec9 trap_AAS_NextBSPEntity
0 fffffeca trap_AAS_PointContents
0 fffffecb trap_AAS_TraceAreas
0 fffffecc trap_AAS_PointAreaNum
0 fffffecd trap_AAS_Time
0 fffffece trap_AAS_PresenceTypeBoundingBox
0 fffffecf trap_AAS_Initialized
0 fffffed0 trap_AAS_EntityInfo
0 fffffed1 trap_AAS_AreaInfo
0 fffffed2 trap_AAS_BBoxAreas
0 fffffed3 trap_AAS_EnableRoutingArea
0 ffffff2c trap_BotUserCommand
0 ffffff2d trap_BotGetServerCommand
0 ffffff2e trap_BotGetSnapshotEntity
0 ffffff2f trap_BotLibTest
0 ffffff30 trap_BotLibUpdateEntity
0 ffffff31 trap_BotLibLoadMap
0 ffffff32 trap_BotLibStartFrame
0 ffffff33 trap_BotLibDefine
0 ffffff34 trap_BotLibVarGet
0 ffffff35 trap_BotLibVarSet
0 ffffff36 trap_BotLibShutdown
0 ffffff37 trap_BotLibSetup
0 ffffff8c asin
0 ffffff8d acos
0 ffffff90 ceil
0 ffffff91 floor
0 ffffff92 perpendicularvector
0 ffffff93 anglevectors
0 ffffff94 matrixmultiply
0 ffffff95 sqrt
0 ffffff96 atan2
0 ffffff97 cos
0 ffffff98 sin
0 ffffff99 strncpy
0 ffffff9a memcpy
0 ffffff9b memset
0 ffffffcc trap_ROFF_Purge_Ent
0 ffffffcd trap_ROFF_Play
0 ffffffce trap_ROFF_Cache
0 ffffffcf trap_ROFF_UpdateEntities
0 ffffffd0 trap_ROFF_Clean
0 ffffffd1 trap_SP_GetStringTextString
0 ffffffd2 trap_SP_RegisterServer
0 ffffffd3 trap_EntityContactCapsule
0 ffffffd4 trap_TraceCapsule
0 ffffffd5 trap_SnapVector
0 ffffffd6 trap_RealTime
0 ffffffd7 trap_DebugPolygonDelete
0 ffffffd8 trap_DebugPolygonCreate
0 ffffffd9 trap_FS_GetFileList
0 ffffffda trap_GetEntityToken
0 ffffffdb trap_GetUsercmd
0 ffffffdc trap_BotFreeClient
0 ffffffdd trap_BotAllocateClient
0 ffffffde trap_EntityContact
0 ffffffdf trap_EntitiesInBox
0 ffffffe0 trap_UnlinkEntity
0 ffffffe1 trap_LinkEntity
0 ffffffe2 trap_AreasConnected
0 ffffffe3 trap_AdjustAreaPortalState
0 ffffffe4 trap_InPVSIgnorePortals
0 ffffffe5 trap_InPVS
0 ffffffe6 trap_PointContents
0 ffffffe7 trap_Trace
0 ffffffe8 trap_SetBrushModel
0 ffffffe9 trap_GetServerinfo
0 ffffffea trap_SetUserinfo
0 ffffffeb trap_GetUserinfo
0 ffffffec trap_GetConfigstring
0 ffffffed trap_SetConfigstring
0 ffffffee trap_SendServerCommand
0 ffffffef trap_DropClient
0 fffffff0 trap_LocateGameData
0 fffffff1 trap_SendConsoleCommand
0 fffffff2 trap_FS_FCloseFile
0 fffffff3 trap_FS_Write
0 fffffff4 trap_FS_Read
0 fffffff5 trap_FS_FOpenFile
0 fffffff6 trap_Argv
0 fffffff7 trap_Argc
0 fffffff8 trap_Cvar_VariableStringBuffer
0 fffffff9 trap_Cvar_VariableIntegerValue
0 fffffffa trap_Cvar_Set
0 fffffffb trap_Cvar_Update
0 fffffffc trap_Cvar_Register
0 fffffffd trap_Milliseconds
0 fffffffe trap_Error
0 ffffffff trap_Printf
0        0 vmMain
0       a5 G_Printf
0       be G_Error
0       d7 G_FindTeams
0      1db G_RemapTeamShaders
0      1de G_RegisterCvars
0      252 G_UpdateCvars
0      2c6 G_InitGame
0      438 G_ShutdownGame
0      470 Com_Error
0      48b Com_Printf
0      4a6 AddTournamentPlayer
0      51f RemoveTournamentLoser
0      546 RemoveDuelDrawLoser
0      5e8 RemoveTournamentWinner
0      60f AdjustTournamentScores
0      7da SortRanks
0      8af CalculateRanks
0      b69 SendScoreboardMessageToAllClients
0      b92 MoveClientToIntermission
0      c02 FindIntermissionPoint
0      c70 BeginIntermission
0      ce3 DuelLimitHit
0      d1a DuelResetWinsLosses
0      d4b ExitLevel
0      dd8 G_LogPrintf
0      e44 LogExit
0      f2d CheckIntermissionExit
0     124e ScoreIsTied
0     1297 CheckExitRules
0     1497 CheckTournament
0     161e CheckVote
0     175c PrintTeam
0     1787 SetLeader
0     184a CheckTeamLeader
0     18e2 CheckTeamVote
0     19db CheckCvars
0     1a08 G_RunThink
0     1a41 G_RunFrame
0     1cd3 G_GetStripEdString
0     1ce4 BotStraightTPOrderCheck
0     1d4e BotSelectWeapon
0     1d60 BotReportStatus
0     1dbf BotOrder
0     1f5a BotMindTricked
0     1fd1 BotAI_Print
0     1fd4 IsTeamplay
0     1fe1 BotAI_GetClientState
0     2012 BotAI_GetEntityState
0     2057 BotAI_GetSnapshotEntity
0     2088 BotEntityInfo
0     2094 NumBots
0     209a AngleDifference
0     20c2 BotChangeViewAngle
0     212e BotChangeViewAngles
0     22cd BotInputToUserCommand
0     2579 BotUpdateInput
0     263c BotAIRegularUpdate
0     264d RemoveColorEscapeSequences
0     26c9 BotAI
0     281a BotScheduleBotThink
0     2858 PlayersInGame
0     2899 BotAISetupClient
0     29b9 BotAIShutdownClient
0     2a08 BotResetState
0     2af3 BotAILoadMap
0     2b2d OrgVisible
0     2b53 WPOrgVisible
0     2be8 OrgVisibleBox
0     2c18 CheckForFunc
0     2c6b GetNearestVisibleWP
0     2d31 PassWayCheck
0     2dcb TotalTrailDistance
0     2ea4 CheckForShorterRoutes
0     2ff6 WPConstantRoutine
0     3150 BotCTFGuardDuty
0     316c WPTouchRoutine
0     3333 MoveTowardIdealAngles
0     3343 BotTrace_Strafe
0     34e1 BotTrace_Jump
0     361a BotTrace_Duck
0     36fe PassStandardEnemyChecks
0     38d3 BotDamageNotification
0     39d4 BotCanHear
0     3ad2 UpdateEventTracker
0     3b35 InFieldOfVision
0     3bb7 PassLovedOneCheck
0     3c87 ScanForEnemies
0     3e99 WaitingForNow
0     3f6f BotGetWeaponRange
0     3fbf BotIsAChickenWuss
0     40c1 GetNearestBadThing
0     4370 BotDefendFlag
0     43e5 BotGetEnemyFlag
0     445a BotGetFlagBack
0     4552 BotGuardFlagCarrier
0     464a BotGetFlagHome
0     46bf GetNewFlagPoint
0     47d6 CTFTakesPriority
0     4ae1 EntityVisibleBox
0     4b1e Saga_TargetClosestObjective
0     4d42 Saga_DefendFromAttackers
0     4e38 Saga_CountDefenders
0     4e9e Saga_CountTeammates
0     4eef SagaTakesPriority
0     5207 JMTakesPriority
0     52ee BotHasAssociated
0     53ad GetBestIdleGoal
0     5498 GetIdealDestination
0     5a70 CommanderBotCTFAI
0     5d46 CommanderBotSagaAI
0     5e71 BotDoTeamplayAI
0     5e9c CommanderBotTeamplayAI
0     6043 CommanderBotAI
0     606c MeleeCombatHandling
0     61ca SaberCombatHandling
0     657a BotWeaponCanLead
0     65be BotAimLeading
0     6715 BotAimOffsetGoalAngles
0     6917 ShouldSecondaryFire
0     6a1f CombatBotAI
0     6c01 BotFallbackNavigation
0     6ca4 BotTryAnotherWeapon
0     6d24 BotWeaponSelectable
0     6d5a BotSelectIdealWeapon
0     6ef8 BotSelectChoiceWeapon
0     6f86 BotSelectMelee
0     6fb7 GetLoveLevel
0     704c BotLovedOneDied
0     7199 BotDeathNotify
0     721f StrafeTracing
0     7305 PrimFiring
0     7336 KeepPrimFromFiring
0     736b AltFiring
0     739c KeepAltFromFiring
0     73d1 CheckForFriendInLOF
0     7498 BotScanForLeader
0     7528 BotReplyGreetings
0     7597 CTFFlagMovement
0     7779 BotCheckDetPacks
0     78bf BotUseInventoryItem
0     7999 BotSurfaceNear
0     79fe BotWeaponBlockable
0     7a33 StandardBotAI
0     9a40 BotAIStartFrame
0     9b3e BotAISetup
0     9bd3 BotAIShutdown
0     9c11 B_TempAlloc
0     9c1e B_TempFree
0     9c27 B_Alloc
0     9c34 B_Free
0     9c37 B_InitAlloc
0     9c43 B_CleanupAlloc
0     9c46 GetValueGroup
0     9d41 GetPairedValue
0     9ee7 BotDoChat
0     a1b4 ParseEmotionalAttachments
0     a2f7 ReadChatGroups
0     a387 BotUtilizePersonality
0     a82b GetFlagStr
0     ab26 G_TestLine
0     ab60 BotWaypointRender
0     ad8e TransferWPData
0     aeb2 CreateNewWP
0     af50 CreateNewWP_FromObject
0     b0bb RemoveWP
0     b111 RemoveWP_InTrail
0     b1f6 CreateNewWP_InTrail
0     b345 TeleportToWP
0     b3cb WPFlagsModify
0     b40a NotWithinRange
0     b43f NodeHere
0     b4d1 CanGetToVector
0     b500 CanGetToVectorTravel
0     b624 ConnectTrail
0     bc35 OpposingEnds
0     bcb3 DoorBlockingSection
0     bd96 RepairPaths
0     bec8 OrgVisibleCurve
0     bf28 CanForceJumpTo
0     c013 CalculatePaths
0     c28d GetObjectThatTargets
0     c2bc CalculateSagaGoals
0     c3e9 GetNearestVisibleWPToItem
0     c4d5 CalculateWeightGoals
0     c6a5 CalculateJumpRoutes
0     c7c9 LoadPathData
0     cb70 FlagObjects
0     cd9c SavePathData
0     d0dd LoadPath_ThisLevel
0     d178 GetClosestSpawn
0     d216 GetNextSpawnInIndex
0     d2ba AcceptBotCommand
0     d72d swapfunc
0     d7b4 med3
0     d837 qsort
0     dbf0 strlen
0     dc0b strcat
0     dc4e strcpy
0     dc83 strcmp
0     dcbc strchr
0     dcdb strstr
0     dd21 tolower
0     dd39 toupper
0     dd51 memmove
0     dd98 tan
0     ddaf srand
0     ddb6 rand
0     ddcb atof
0     de90 _atof
0     df5b atoi
0     dfd3 _atoi
0     e055 abs
0     e06a fabs
0     e07f AddInt
0     e15a AddFloat
0     e268 AddString
0     e2ff vsprintf
0     e497 sscanf
0     e502 BG_LegalizedForcePowers
0     e8de vectoyaw
0     e938 BG_HasYsalamiri
0     e967 BG_CanUseFPNow
0     e9e5 BG_FindItemForPowerup
0     ea21 BG_FindItemForHoldable
0     ea5b BG_FindItemForWeapon
0     ea8e BG_FindItem
0     eab7 BG_PlayerTouchesItem
0     eb17 BG_ProperForceIndex
0     eb3a BG_CycleForce
0     ec12 BG_GetItemIndexByTag
0     ec42 BG_CycleInven
0     ecae BG_CanItemBeGrabbed
0     ef14 BG_EvaluateTrajectory
0     f0e2 BG_EvaluateTrajectoryDelta
0     f1dc BG_AddPredictableEventToPlayerstate
0     f217 BG_TouchJumpPad
0     f27b BG_PlayerStateToEntityState
0     f590 BG_PlayerStateToEntityStateExtraPolate
0     f8b2 BG_Alloc
0     f8f2 BG_AllocUnaligned
0     f925 BG_TempAlloc
0     f95d BG_TempFree
0     f98a BG_StringAlloc
0     f9ad BG_OutOfMemory
0     f9bf PM_GetSaberStance
0     f9dc PM_DoSlowFall
0     f9ff PM_AddEvent
0     fa0e PM_AddEventWithParm
0     fa1e PM_AddTouchEnt
0     fa73 PM_ClipVelocity
0     faec PM_Friction
0     fbe8 PM_Accelerate
0     fc64 PM_CmdScale
0     fcfb PM_SetMovementDir
0     fe47 PM_ForceJumpingUp
0     ff06 PM_JumpForDir
0     ffa9 PM_SetPMViewAngle
0     ffea PM_AdjustAngleForWallRun
0    101ee PM_SetForceJumpZStart
0    10210 PM_CheckJump
0    11142 PM_CheckWaterJump
0    11229 PM_WaterJumpMove
0    1126a PM_WaterMove
0    1139b PM_FlyMove
0    11455 PM_AirMove
0    11518 PM_WalkMove
0    117ba PM_DeadMove
0    11833 PM_NoclipMove
0    119a5 PM_FootstepForSurface
0    119be PM_TryRoll
0    11bbf PM_CrashLand
0    11edd PM_CorrectAllSolid
0    11fc4 PM_GroundTraceMissed
0    12155 PM_GroundTrace
0    122e8 PM_SetWaterLevel
0    123b5 PM_CheckDuck
0    1258b PM_Use
0    125d4 PM_RunningAnim
0    12602 PM_Footsteps
0    129d0 PM_WaterEvents
0    12a27 PM_BeginWeaponChange
0    12a8d PM_FinishWeaponChange
0    12ae0 PM_DoChargedWeapons
0    12fba PM_ItemUsable
0    131f0 PM_Weapon
0    13ba9 PM_Animate
0    13c16 PM_DropTimers
0    13ca0 PM_UpdateViewAngles
0    13d44 PM_AdjustAttackStates
0    140bc BG_CmdForRoll
0    14111 BG_AdjustClientSpeed
0    1457b PmoveSingle
0    14abc Pmove
0    14b68 BG_InSpecialJump
0    14b8d BG_InSaberStandAnim
0    14bb3 BG_DirectFlippingAnim
0    14bd2 BG_SaberInAttack
0    14bff BG_SaberInSpecial
0    14c1c BG_SaberInIdle
0    14c39 BG_FlippingAnim
0    14c75 BG_SpinningSaberAnim
0    14d5f BG_SaberInSpecialAttack
0    14d99 BG_BrokenParryForAttack
0    14dd7 BG_BrokenParryForParry
0    14e29 BG_KnockawayForParry
0    14e52 BG_InRoll
0    14e78 BG_InDeathAnim
0    14ead PM_SaberBounceForAttack
0    14ee7 PM_SaberDeflectionForQuad
0    14f20 PM_SaberInDeflect
0    14f35 PM_SaberInParry
0    14f4a PM_SaberInKnockaway
0    14f5f PM_SaberInReflect
0    14f74 PM_SaberInStart
0    14f89 PM_SaberInReturn
0    14fa3 PM_InSaberAnim
0    14fba PM_InKnockDown
0    14fe7 PM_PainAnim
0    15006 PM_JumpingAnim
0    15025 PM_LandingAnim
0    1506c PM_SpinningAnim
0    15079 PM_InOnGroundAnim
0    150d6 PM_InRollComplete
0    150fc PM_AnimLength
0    15129 PM_DebugLegsAnim
0    15174 BG_ParseAnimationFile
0    152ec PM_StartLegsAnim
0    15371 PM_ContinueLegsAnim
0    15391 PM_ForceLegsAnim
0    15401 PM_StartTorsoAnim
0    1545c PM_SetLegsAnimTimer
0    1547a PM_SetTorsoAnimTimer
0    15498 BG_SaberStartTransAnim
0    154e7 PM_SetAnimFinal
0    156ff PM_SetAnim
0    15778 PM_SlideMove
0    15b68 PM_StepSlideMove
0    15eb7 PM_irand_timesync
0    15eec BG_ForcePowerDrain
0    15faa PM_AttackMoveForQuad
0    15fdf PM_SaberAnimTransitionAnim
0    16100 PM_SaberMoveQuadrantForMovement
0    16165 PM_SaberInBounce
0    1618a PM_SaberInTransition
0    1619f PM_SaberAttackChainAngle
0    161cf PM_SaberKataDone
0    162d0 PM_SetAnimFrame
0    162da PM_SaberLockBreak
0    165af PM_SaberLocked
0    167d3 PM_SaberInBrokenParry
0    167f8 PM_BrokenParryForParry
0    1683a PM_CanBackstab
0    168bb PM_SaberFlipOverAttackMove
0    169a8 PM_SomeoneInFront
0    16a38 PM_SaberLungeAttackMove
0    16a82 PM_SaberJumpAttackMove
0    16aea PM_GroundDistance
0    16b53 PM_SaberAttackForMovement
0    16ce0 PM_WeaponLightsaber
0    17576 PM_SetSaberMove
0    1780e P_SetTwitchInfo
0    17826 P_DamageFeedback
0    17930 P_WorldEffects
0    17ad7 DoImpact
0    17d51 G_SetClientSound
0    17d82 ClientImpacts
0    17e25 G_TouchTriggers
0    18007 G_MoverTouchPushTriggers
0    181b7 SpectatorThink
0    1825e ClientInactivityTimer
0    18300 ClientTimerActions
0    18362 ClientIntermissionThink
0    183bd ClientEvents
0    18555 SendPendingPredictableEvents
0    185fc G_UpdateForceSightBroadcasts
0    186dc G_UpdateJediMasterBroadcasts
0    187be G_UpdateClientBroadcasts
0    187d9 ClientThink_real
0    19606 G_CheckClientTimeouts
0    19633 ClientThink
0    1966e G_RunClient
0    19695 SpectatorClientEndFrame
0    1976c ClientEndFrame
0    19844 UpdateTournamentInfo
0    19a29 trap_Cvar_VariableValue
0    19a3f G_ParseInfos
0    19b2d G_LoadArenasFromFile
0    19bad G_GetMapTypeBits
0    19c4f G_DoesMapSupportGametype
0    19ce2 G_RefreshNextMap
0    19def G_LoadArenas
0    19ea1 G_GetArenaInfoByMap
0    19edc G_AddRandomBot
0    1a049 G_RemoveRandomBot
0    1a0b5 G_CountHumanPlayers
0    1a108 G_CountBotPlayers
0    1a185 G_CheckMinimumPlayers
0    1a302 G_CheckBotSpawn
0    1a341 AddBotToSpawnQueue
0    1a37e G_RemoveQueuedBotBegin
0    1a3a2 G_BotConnect
0    1a404 G_AddBot
0    1a71d Svcmd_AddBot_f
0    1a7b4 Svcmd_BotList_f
0    1a868 G_LoadBotsFromFile
0    1a8e8 G_LoadBots
0    1a975 G_GetBotInfoByNumber
0    1a9a0 G_GetBotInfoByName
0    1a9df G_InitBots
0    1a9f6 SP_info_player_deathmatch
0    1aa2f SP_info_player_start
0    1aa3e SP_info_player_imperial
0    1aa51 SP_info_player_rebel
0    1aa64 SP_info_player_intermission
0    1aa67 ThrowSaberToAttacker
0    1ac2e JMSaberThink
0    1ad29 JMSaberTouch
0    1aea9 SP_info_jedimaster_start
0    1af63 SpotWouldTelefrag
0    1afe4 SelectNearestDeathmatchSpawnPoint
0    1b048 SelectRandomDeathmatchSpawnPoint
0    1b0a8 SelectRandomFurthestSpawnPoint
0    1b218 SelectSpawnPoint
0    1b22b SelectInitialSpawnPoint
0    1b290 SelectSpectatorSpawnPoint
0    1b2a0 InitBodyQue
0    1b2d0 BodySink
0    1b302 CopyToBodyQue
0    1b4ee SetClientViewAngle
0    1b546 respawn
0    1b5a4 TeamCount
0    1b5e5 TeamLeader
0    1b626 PickTeam
0    1b660 ClientCleanName
0    1b755 SetupGameGhoul2Model
0    1b904 ClientUserinfoChanged
0    1bbe4 ClientConnect
0    1bd4b ClientBegin
0    1c010 AllForceDisabled
0    1c037 ClientSpawn
0    1c6ce ClientDisconnect
0    1c891 DeathmatchScoreboardMessage
0    1c9ca Cmd_Score_f
0    1c9d3 CheatsOk
0    1ca27 ConcatArgs
0    1ca92 SanitizeString
0    1cae4 ClientNumberFromString
0    1cbb0 Cmd_Give_f
0    1ce5c Cmd_God_f
0    1cea1 Cmd_Notarget_f
0    1cee6 Cmd_Noclip_f
0    1cf39 Cmd_LevelShot_f
0    1cf6a Cmd_TeamTask_f
0    1cfc1 Cmd_Kill_f
0    1d043 G_GetDuelWinner
0    1d088 BroadcastTeamChange
0    1d15e SetTeam
0    1d3ed StopFollowing
0    1d445 Cmd_Team_f
0    1d558 Cmd_ForceChanged_f
0    1d5c6 Cmd_Follow_f
0    1d660 Cmd_FollowCycle_f
0    1d705 G_SayTo
0    1d796 G_Say
0    1d8f8 Cmd_Say_f
0    1d931 Cmd_Tell_f
0    1d9db G_VoiceTo
0    1da51 G_Voice
0    1dab5 Cmd_Voice_f
0    1daf1 Cmd_VoiceTell_f
0    1dba1 Cmd_VoiceTaunt_f
0    1dd60 Cmd_GameCommand_f
0    1ddd5 Cmd_Where_f
0    1ddf7 G_ClientNumberFromName
0    1de39 SanitizeString2
0    1deaf G_ClientNumberFromStrippedName
0    1def1 Cmd_CallVote_f
0    1e318 Cmd_Vote_f
0    1e416 Cmd_CallTeamVote_f
0    1e784 Cmd_TeamVote_f
0    1e8bb Cmd_SetViewpos_f
0    1e953 Cmd_Stats_f
0    1e956 G_ItemUsable
0    1eb8b Cmd_ToggleSaber_f
0    1ec3c Cmd_SaberAttackCycle_f
0    1ecac G_OtherPlayersDueling
0    1ecf3 Cmd_EngageDuel_f
0    1f05f StandardSetBodyAnim
0    1f098 ClientCommand
0    1f5c1 ObjectDie
0    1f5da G_GetHitLocation
0    1f830 ExplodeDeath
0    1f8c2 ScorePlum
0    1f8f7 AddScore
0    1f939 TossClientWeapon
0    1fad5 TossClientItems
0    1fbdd LookAtKiller
0    1fcaf GibEntity
0    1fccf BodyRid
0    1fcde body_die
0    1fd87 CheckAlmostCapture
0    1fd8a G_InKnockDown
0    1fdb0 G_CheckSpecialDeathAnim
0    20433 G_PickDeathAnim
0    20719 G_GetJediMaster
0    20761 player_die
0    20f68 CheckArmor
0    20fec G_ApplyKnockback
0    21183 RaySphereIntersections
0    2132d LimbTouch
0    21330 LimbThink
0    213a6 G_GetDismemberLoc
0    2162a G_GetDismemberBolt
0    21822 G_Dismember
0    21a12 DismembermentTest
0    21a34 DismembermentByNum
0    21a8b G_GetHitQuad
0    21b74 G_CheckForDismemberment
0    21c5f G_ThereIsAMaster
0    21c9a G_Damage
0    226a5 CanDamage
0    227d0 G_RadiusDamage
0    2294d adjustRespawnTime
0    229ae ShieldRemove
0    229d1 ShieldThink
0    229fe ShieldDie
0    22a12 ShieldPain
0    22a35 ShieldGoSolid
0    22ad6 ShieldGoNotSolid
0    22b19 ShieldTouch
0    22b75 CreateShield
0    22de0 PlaceShield
0    22fab ItemUse_Binoculars
0    23020 ItemUse_Shield
0    23029 SentryTouch
0    2302c pas_fire
0    230a8 G_SetEnemy
0    230bb pas_find_enemies
0    23258 pas_adjust_enemy
0    23327 sentryExpire
0    2333e pas_think
0    23733 turret_die
0    237db SP_PAS
0    23866 ItemUse_Sentry
0    23a2d ItemUse_Seeker
0    23a5b ItemUse_MedPack
0    23ae3 Pickup_Powerup
0    23c6b Pickup_Holdable
0    23cc5 Add_Ammo
0    23d1b Pickup_Ammo
0    23d66 Pickup_Weapon
0    23e63 Pickup_Health
0    23f03 Pickup_Armor
0    23f6f RespawnItem
0    24050 Touch_Item
0    243d7 LaunchItem
0    24540 Drop_Item
0    245a3 Use_Item
0    245ac FinishSpawningItem
0    2480d G_CheckTeamItems
0    24863 ClearRegisteredItems
0    24893 RegisterItem
0    248ab SaveRegisteredItems
0    248f3 G_ItemDisabled
0    2490c G_SpawnItem
0    249b0 G_BounceItem
0    24ba5 G_RunItem
0    24c73 G_LogWeaponInit
0    24cd0 G_LogWeaponPickup
0    24cf0 G_LogWeaponFire
0    24d56 G_LogWeaponDamage
0    24d7d G_LogWeaponKill
0    24da3 G_LogWeaponFrag
0    24dd2 G_LogWeaponDeath
0    24df8 G_LogWeaponPowerup
0    24e1e G_LogWeaponItem
0    24e44 G_LogWeaponOutput
0    25cdc CalculateEfficiency
0    25d6a CalculateSharpshooter
0    25df4 CalculateUntouchable
0    25e3f CalculateLogistics
0    25f18 CalculateTactician
0    2608e CalculateDemolitionist
0    2616d CalculateStreak
0    26172 CalculateTeamMVP
0    261e8 CalculateTeamMVPByRank
0    26276 CalculateTeamDefender
0    262ec CalculateTeamWarrior
0    26362 CalculateTeamCarrier
0    263d8 CalculateTeamInterceptor
0    2645b CalculateTeamRedShirt
0    264de CalculateTeamAward
0    26559 CalculateSection31Award
0    265b5 CalculateAwards
0    26756 GetMaxDeathsForClient
0    2679c GetMaxKillsForClient
0    267e2 GetFavoriteTargetForClient
0    2682f GetWorstEnemyForClient
0    26892 GetFavoriteWeaponForClient
0    2691a G_ClearClientLog
0    26a34 G_Alloc
0    26a7f G_InitMemory
0    26a85 Svcmd_GameMem_f
0    26a92 SP_info_camp
0    26aa4 SP_info_null
0    26aad SP_info_notnull
0    26abf SP_light
0    26ac8 TeleportPlayer
0    26bf3 SP_misc_teleporter_dest
0    26bf6 SP_misc_model
0    26bff SP_misc_G2model
0    26c08 locateCamera
0    26ce7 SP_misc_portal_surface
0    26d59 SP_misc_portal_camera
0    26daf HolocronRespawn
0    26dc2 HolocronPopOut
0    26e3b HolocronTouch
0    26faf HolocronThink
0    27257 SP_misc_holocron
0    27401 Use_Shooter
0    274fb InitShooter_Finish
0    2751f InitShooter
0    2758d SP_shooter_blaster
0    27598 check_recharge
0    275d7 EnergyShieldStationSettings
0    2760c shield_power_converter_use
0    27710 SP_misc_shield_floor_unit
0    2787c SP_misc_model_shield_power_converter
0    27942 EnergyAmmoStationSettings
0    2795e ammo_power_converter_use
0    27a60 SP_misc_model_ammo_power_converter
0    27b19 EnergyHealthStationSettings
0    27b35 health_power_converter_use
0    27bde SP_misc_model_health_power_converter
0    27c97 DmgBoxHit
0    27c9a DmgBoxUpdateSelf
0    27d31 DmgBoxAbsorb_Die
0    27d3a DmgBoxAbsorb_Pain
0    27d43 CreateNewDamageBox
0    27dc0 ATST_ManageDamageBoxes
0    27f90 G_PlayerBecomeATST
0    28007 fx_runner_think
0    28055 fx_runner_use
0    2809e fx_runner_link
0    28191 SP_fx_runner
0    282a0 ExampleAnimEntCustomData
0    282d3 ExampleAnimEntCustomDataExists
0    2832b ExampleAnimEntCustomDataEntry
0    28452 AnimEntCustomSoundPrecache
0    28533 ExampleAnimEntCustomSound
0    28698 ExampleAnimEntAlignment
0    286da ExampleAnimEntAlertOthers
0    2876e ExampleAnimEnt_Die
0    2893e ExampleAnimEnt_Pain
0    28a75 ExampleAnimEntTouch
0    28a78 ExampleAnimEntMove
0    28c85 ExampleAnimEntYaw
0    28ce3 ExampleAnimEntLook
0    28d4d ExampleAnimEntClearLOS
0    28e0b ExampleAnimEntWeaponHandling
0    28eaa ExampleAnimEntWayValidCheck
0    28f20 ExampleAnimEntNavigation
0    2906e ExampleAnimEntEnemyHandling
0    2944e ExampleAnimEntUpdateSelf
0    29acf G_SpawnExampleAnimEnt
0    29e31 AESpawner_CountAnimEnts
0    29e98 AESpawner_NoClientInPVS
0    29ed9 AESpawner_PassAnimEntPVSCheck
0    29f31 AESpawner_Think
0    2a005 SP_misc_animent_spawner
0    2a261 Use_Target_Screenshake
0    2a28e SP_target_screenshake
0    2a2c7 Use_Target_Escapetrig
0    2a379 SP_target_escapetrig
0    2a3a6 G_CreateExampleAnimEnt
0    2a495 G_ReflectMissile
0    2a72b G_DeflectMissile
0    2a856 G_BounceMissile
0    2aa3e G_ExplodeMissile
0    2ab0c G_RunStuckMissile
0    2ab8d G_BounceProjectile
0    2ac4c CreateMissile
0    2ad2f G_MissileImpact
0    2b29e G_RunMissile
0    2b4bf G_TestEntityPosition
0    2b546 G_CreateRotationMatrix
0    2b568 G_TransposeMatrix
0    2b5a9 G_RotatePoint
0    2b615 G_TryPushingEntity
0    2b907 G_MoverPush
0    2bc54 G_MoverTeam
0    2bd87 G_RunMover
0    2bdb8 SetMoverState
0    2bef7 MatchTeam
0    2bf17 ReturnToPos1
0    2bf4c Reached_BinaryMover
0    2c055 Use_BinaryMover
0    2c19a InitMover
0    2c32a Blocked_Door
0    2c47d Touch_DoorTriggerSpectator
0    2c556 Touch_DoorTrigger
0    2c5a8 Think_SpawnNewDoorTrigger
0    2c6aa Think_MatchTeam
0    2c6c0 SP_func_door
0    2c8de Touch_Plat
0    2c962 Touch_PlatCenterTrigger
0    2c9a3 SpawnPlatTrigger
0    2ca91 SP_func_plat
0    2cc04 Touch_Button
0    2cc27 SP_func_button
0    2cdab Think_BeginMoving
0    2cdbb Reached_Train
0    2cea0 Think_SetupTrainTargets
0    2cf57 SP_path_corner
0    2cf78 SP_func_train
0    2d00d SP_func_static
0    2d040 SP_func_rotating
0    2d0e6 SP_func_bobbing
0    2d198 SP_func_pendulum
0    2d251 BreakableBrushDie
0    2d351 BreakableBrushPain
0    2d354 BrushThink
0    2d377 BreakableBrushUse
0    2d3a1 SP_func_breakable
0    2d582 GlassDie
0    2d61c GlassDie_Old
0    2d68d GlassPain
0    2d690 GlassUse
0    2d785 SP_func_glass
0    2d812 func_wait_return_solid
0    2d8a2 func_usable_think
0    2d8c8 func_usable_use
0    2d995 func_usable_pain
0    2d9b0 func_usable_die
0    2d9cd SP_func_usable
0    2da76 pitch_roll_for_slope
0    2dc04 G_BounceObject
0    2dd43 G_RunObject
0    2dfda G_StopObjectMoving
0    2e019 G_StartObjectMoving
0    2e078 InitSagaMode
0    2e154 UseSagaTarget
0    2e1cb SagaBroadcast_OBJECTIVECOMPLETE
0    2e20c SagaBroadcast_ROUNDOVER
0    2e246 BroadcastObjectiveCompletion
0    2e28d AddSagaWinningTeamPoints
0    2e2ea SagaRoundComplete
0    2e344 SagaObjectiveCompleted
0    2e3a6 StripTabs
0    2e3e6 sagaTriggerUse
0    2e4ec SP_info_saga_objective
0    2e53f G_WriteClientSessionData
0    2e5a7 G_ReadSessionData
0    2e62b G_InitSessionData
0    2e708 G_InitWorldSession
0    2e72b G_WriteSessionData
0    2e766 G_SpawnString
0    2e7aa G_SpawnFloat
0    2e7cc G_SpawnInt
0    2e7ee G_SpawnVector
0    2e81d SP_item_botroam
0    2e820 G_CallSpawn
0    2e89f G_NewString
0    2e923 G_ParseField
0    2ea0b G_SpawnGEntityFromSpawnVars
0    2eaf6 G_AddSpawnVarToken
0    2eb37 G_ParseSpawnVars
0    2ebc7 SP_worldspawn
0    2edd4 G_SpawnEntitiesFromString
0    2edfd StringToFilter
0    2eeb0 UpdateIPBans
0    2ef08 G_FilterPacket
0    2efbb AddIP
0    2f011 G_ProcessIPBans
0    2f067 Svcmd_AddIP_f
0    2f087 Svcmd_RemoveIP_f
0    2f0ef Svcmd_EntityList_f
0    2f1a9 ClientForString
0    2f240 Svcmd_ForceTeam_f
0    2f276 ConsoleCommand
0    2f366 Use_Target_Give
0    2f3c0 SP_target_give
0    2f3c9 Use_target_remove_powerups
0    2f415 SP_target_remove_powerups
0    2f41e Think_Target_Delay
0    2f431 Use_Target_Delay
0    2f483 SP_target_delay
0    2f4b6 Use_Target_Score
0    2f4ce SP_target_score
0    2f4e4 Use_Target_Print
0    2f56b SP_target_print
0    2f574 Use_Target_Speaker
0    2f5f3 SP_target_speaker
0    2f6d5 target_laser_think
0    2f831 target_laser_on
0    2f84c target_laser_off
0    2f85b target_laser_use
0    2f87a target_laser_start
0    2f90b SP_target_laser
0    2f91d target_teleporter_use
0    2f952 SP_target_teleporter
0    2f979 target_relay_use
0    2fa0a SP_target_relay
0    2fa13 target_kill_use
0    2fa34 SP_target_kill
0    2fa3d SP_target_position
0    2fa4f target_location_linkup
0    2fabf SP_target_location
0    2fae0 Team_InitGame
0    2fb13 OtherTeam
0    2fb29 TeamName
0    2fb46 OtherTeamName
0    2fb63 TeamColorString
0    2fb80 PrintCTFMessage
0    2fbd8 AddTeamScore
0    2fc63 OnSameTeam
0    2fcef Team_SetFlagStatus
0    2fd53 Team_CheckDroppedItem
0    2fd8d Team_ForceGesture
0    2fdd2 Team_FragBonuses
0    30331 Team_CheckHurtCarrier
0    303c7 Team_ResetFlag
0    30431 Team_ResetFlags
0    30446 Team_ReturnFlagSound
0    30483 Team_TakeFlagSound
0    304f2 Team_CaptureFlagSound
0    3052f Team_ReturnFlag
0    30552 Team_FreeEntity
0    30586 Team_DroppedFlagThink
0    305c7 Team_TouchOurFlag
0    3081f Team_TouchEnemyFlag
0    3086f Pickup_Team
0    308e6 Team_GetLocation
0    30960 Team_GetLocationMsg
0    309c7 SelectRandomTeamSpawnPoint
0    30a75 SelectCTFSpawnPoint
0    30aba SelectSagaSpawnPoint
0    30aff SortClients
0    30b0a TeamplayInfoMessage
0    30c68 CheckTeamStatus
0    30d1d SP_team_CTF_redplayer
0    30d20 SP_team_CTF_blueplayer
0    30d23 SP_team_CTF_redspawn
0    30d26 SP_team_CTF_bluespawn
0    30d29 InitTrigger
0    30d68 multi_wait
0    30d71 multi_trigger
0    30f2c Use_Multi
0    30f38 Touch_Multi
0    30f4d SP_trigger_multiple
0    30fd0 trigger_always_think
0    30fe6 SP_trigger_always
0    30ff8 trigger_push_touch
0    31010 AimAtTarget
0    31115 SP_trigger_push
0    31152 Use_target_push
0    311a4 SP_target_push
0    3125b trigger_teleporter_touch
0    312b6 SP_trigger_teleport
0    312fd hurt_use
0    3133f hurt_touch
0    314de SP_trigger_hurt
0    31544 func_timer_think
0    31582 func_timer_use
0    315a1 SP_func_timer
0    3161b AddRemap
0    3168a BuildShaderStateConfig
0    316d0 G_FindConfigstringIndex
0    3173c G_SkinIndex
0    3174f G_ModelIndex
0    31762 G_SoundIndex
0    31775 G_EffectIndex
0    31788 G_TeamCommand
0    317c6 G_Find
0    31815 G_RadiusList
0    31935 G_PickTarget
0    3199b G_UseTargets
0    31a3a tv
0    31a68 vtos
0    31aa4 G_SetMovedir
0    31af9 G_InitGentity
0    31b21 G_Spawn
0    31bcf G_EntitiesFree
0    31bfa G_SendG2KillQueue
0    31c3e G_KillG2Queue
0    31c6c G_FreeEntity
0    31d17 G_TempEntity
0    31d65 GetTrackerEnt
0    31d9b G_SoundTempEntity
0    31def G_KillBox
0    31ebb G_AddPredictableEvent
0    31ed6 G_AddEvent
0    31f4f G_PlayEffect
0    31f77 G_ScreenShake
0    31fc7 G_MuteSound
0    3200b G_Sound
0    320de G_SoundAtLoc
0    320f5 G_EntitySound
0    3211d ValidUseTarget
0    3213a TryUse
0    321ee G_PointInBounds
0    3222e G_BoxInBounds
0    322e1 G_SetAngles
0    322f9 G_ClearTrace
0    3232a G_SetOrigin
0    32369 DebugLine
0    3246c G_ROFF_NotetrackCallback
0    3251f touch_NULL
0    32522 W_TraceSetStart
0    325e4 WP_FireBryarPistol
0    326ba WP_FireTurretMissile
0    32711 WP_FireGenericBlasterMissile
0    3275a WP_FireBlasterMissile
0    327b2 WP_FireEmplacedMissile
0    32815 WP_FireBlaster
0    3286c WP_DisruptorMainFire
0    32a96 WP_DisruptorAltFire
0    32e5e WP_FireDisruptor
0    32eb8 WP_BowcasterAltFire
0    32f42 WP_BowcasterMainFire
0    33093 WP_FireBowcaster
0    330a8 WP_RepeaterMainFire
0    330ef WP_RepeaterAltFire
0    33191 WP_FireRepeater
0    331eb WP_DEMP2_MainFire
0    33267 DEMP2_AltRadiusDamage
0    334ab DEMP2_AltDetonate
0    3352c WP_DEMP2_AltFire
0    33625 WP_FireDEMP2
0    3363a WP_FlechetteMainFire
0    3371f prox_mine_think
0    337ad WP_TraceSetStart
0    33865 WP_ExplosiveDie
0    3386e WP_flechette_alt_blow
0    33889 WP_CreateFlechetteBouncyThing
0    3395a WP_FlechetteAltFire
0    339d1 WP_FireFlechette
0    339e6 rocketThink
0    33c67 WP_FireRocket
0    33dc7 thermalDetonatorExplode
0    33ea5 thermalThinkStandard
0    33ecc WP_FireThermalDetonator
0    3405e WP_DropThermal
0    3407e laserTrapExplode
0    34108 laserTrapDelayedExplode
0    34150 touchLaserTrap
0    341b7 laserTrapThink
0    3427e laserTrapStick
0    34391 TrapThink
0    343a3 CreateLaserTrap
0    34544 WP_PlaceLaserTrap
0    34678 VectorNPos
0    346df charge_stick
0    3493c DetPackBlow
0    349a5 DetPackPain
0    349c6 DetPackDie
0    349e7 drop_charge
0    34b8a BlowDetpacks
0    34bf9 CheatsOn
0    34c06 WP_DropDetPack
0    34d48 WP_FireStunBaton
0    34ec6 SnapVectorTowards
0    34f0f LogAccuracyHit
0    34f5e CalcMuzzlePoint
0    35093 CalcMuzzlePointOrigin
0    3511d FireWeapon
0    352b0 AnimEntCalcMuzzlePoint
0    35394 AnimEntFireWeapon
0    35464 WP_FireEmplaced
0    35568 emplaced_gun_use
0    35761 emplaced_gun_realuse
0    3576f emplaced_gun_pain
0    35779 emplaced_gun_update
0    35a5d emplaced_gun_die
0    35a7e SP_emplaced_gun
0    35bfc G_PreDefSound
0    35c1d InFront
0    35c97 WP_InitForcePowers
0    361c5 WP_SpawnInitForcePowers
0    363dc ForcePowerUsableOn
0    364a4 WP_ForcePowerAvailable
0    364f6 WP_ForcePowerInUse
0    3650e WP_ForcePowerUsable
0    365e7 WP_AbsorbConversion
0    366ae WP_ForcePowerRegenerate
0    36706 WP_ForcePowerStart
0    36a1b ForceHeal
0    36b3c WP_AddToClientBitflags
0    36ba1 ForceTeamHeal
0    36de3 ForceTeamForceReplenish
0    36fc1 ForceGrip
0    37102 ForceSpeed
0    37184 ForceSeeing
0    371f3 ForceProtect
0    37286 ForceAbsorb
0    37319 ForceRage
0    373c6 ForceLightning
0    37444 ForceLightningDamage
0    37576 ForceShootLightning
0    37866 ForceDrain
0    378e4 ForceDrainDamage
0    37aff ForceShootDrain
0    37e42 ForceJumpCharge
0    37f7c WP_GetVelocityForForceJump
0    38130 ForceJump
0    381dd WP_AddAsMindtricked
0    38242 ForceTelepathy
0    3867e GEntity_UseFunc
0    38695 CanCounterThrow
0    386ff G_InGetUpAnim
0    3873e ForceThrow
0    3953c WP_ForcePowerStop
0    3977d DoGripAction
0    39d22 G_IsMindTricked
0    39d89 RemoveTrickedEnt
0    39df2 WP_UpdateMindtrickEnts
0    39f3c WP_ForcePowerRun
0    3a310 WP_DoSpecificPower
0    3a525 FindGenericEnemyIndex
0    3a65c SeekerDroneUpdate
0    3aa3e HolocronUpdate
0    3abd5 JediMasterUpdate
0    3acd3 WP_HasForcePowers
0    3ad0d WP_ForcePowersUpdate
0    3b709 Jedi_DodgeEvasion
0    3b870 RandFloat
0    3b88a SaberUpdateSelf
0    3b98b SaberGotHit
0    3b9a9 WP_SaberInitBladeData
0    3ba68 G_G2ClientSpineAngles
0    3bbe3 G_G2PlayerAngles
0    3bee8 SaberAttacking
0    3bf80 WP_SabersCheckLock2
0    3c325 WP_SabersCheckLock
0    3ca1b G_GetParryForBlock
0    3ca5c WP_GetSaberDeflectionAngle
0    3cf5a G_KnockawayForParry
0    3cf83 G_GetAttackDamage
0    3d04c G_GetAnimPoint
0    3d0c1 G_ClientIdleInWorld
0    3d127 G_G2TraceCollide
0    3d249 G_SaberInBackAttack
0    3d264 CheckSaberDamage
0    3e512 CheckThrownSaberDamaged
0    3e99b saberCheckRadiusDamage
0    3ea06 saberMoveBack
0    3ea3c SaberBounceSound
0    3ea52 DeadSaberThink
0    3ea73 MakeDeadSaber
0    3ebc1 saberBackToOwner
0    3ee4a thrownSaberTouch
0    3ef1f saberFirstThrown
0    3f234 WP_SaberPositionUpdate
0    3fed2 WP_MissileBlockForBlock
0    3ff00 WP_SaberBlockNonRandom
0    4000c WP_SaberBlock
0    4016b WP_SaberCanBlock
0    4032d HasSetSaberOnly
0    40374 Q_rand
0    40389 Q_random
0    4039b Q_crandom
0    403ac VectorCompare
0    403e4 VectorLength
0    40417 VectorLengthSquared
0    40443 Distance
0    40484 DistanceSquared
0    404d2 VectorNormalizeFast
0    40531 VectorInverse
0    40559 CrossProduct
0    405d2 ClampChar
0    405e9 ClampShort
0    40600 DirToByte
0    4065b ByteToDir
0    40679 ColorBytes3
0    406e8 ColorBytes4
0    4077a NormalizeColor
0    407f0 PlaneFromPoints
0    408ae RotatePointAroundVector
0    409b9 RotateAroundDirection
0    409fd vectoangles
0    40ab9 AnglesToAxis
0    40aee AxisClear
0    40b25 AxisCopy
0    40b49 ProjectPointOnPlane
0    40c04 MakeNormalVectors
0    40caf VectorRotate
0    40d4c Q_rsqrt
0    40d83 Q_fabs
0    40d93 LerpAngle
0    40dc4 AngleSubtract
0    40de9 AnglesSubtract
0    40e37 AngleMod
0    40e49 AngleNormalize360
0    40e57 AngleNormalize180
0    40e72 AngleDelta
0    40e82 SetPlaneSignbits
0    40eaf BoxOnPlaneSide
0    41270 RadiusFromBounds
0    412c3 ClearBounds
0    412fa AddPointToBounds
0    41393 VectorNormalize
0    41403 VectorNormalize2
0    41491 _VectorMA
0    414d3 _DotProduct
0    41508 _VectorSubtract
0    41541 _VectorAdd
0    4157a _VectorCopy
0    415a1 _VectorScale
0    415d1 Vector4Scale
0    41613 Q_log2
0    41632 MatrixMultiply
0    41807 AngleVectors
0    418ff PerpendicularVector
0    4196b Rand_Init
0    41972 flrand
0    419ad irand
0    419df powf
0    41a02 GetIDForString
0    41a47 GetStringForID
0    41a83 Com_Clamp
0    41a9d COM_SkipPath
0    41ac1 COM_StripExtension
0    41af7 COM_DefaultExtension
0    41b3f ShortSwap
0    41b5f ShortNoSwap
0    41b6a LongSwap
0    41b9d LongNoSwap
0    41ba3 Long64Swap
0    41be0 Long64NoSwap
0    41be8 FloatSwap
0    41bfe FloatNoSwap
0    41c05 COM_BeginParseSession
0    41c17 COM_GetCurrentParseLine
0    41c1d COM_Parse
0    41c2c COM_ParseError
0    41c4c COM_ParseWarning
0    41c6c SkipWhitespace
0    41ca3 COM_Compress
0    41df6 COM_ParseExt
0    41f42 COM_ParseString
0    41f63 COM_ParseInt
0    41f90 COM_ParseFloat
0    41fbd COM_ParseVec4
0    41fea COM_MatchToken
0    42013 SkipBracedSection
0    42051 SkipRestOfLine
0    42089 Parse1DMatrix
0    420c8 Parse2DMatrix
0    42103 Parse3DMatrix
0    42148 Q_isprint
0    4215d Q_islower
0    42172 Q_isupper
0    42187 Q_isalpha
0    421a8 Q_strrchr
0    421dc Q_strncpyz
0    42217 Q_stricmpn
0    422a2 Q_strncmp
0    422f4 Q_stricmp
0    4231c Q_strlwr
0    42342 Q_strupr
0    42368 Q_strcat
0    42394 Q_PrintStrlen
0    423ec Q_CleanStr
0    4245a Com_sprintf
0    42499 va
0    424c6 Info_ValueForKey
0    425a6 Info_NextPair
0    42644 Info_RemoveKey
0    42714 Info_RemoveKey_Big
0    427e4 Info_Validate
0    4280b Info_SetValueForKey
0    428db Info_SetValueForKey_Big
0    429a3 Q_irand
1        4 gDuelExit
1        8 gDuelist1
1        c gDuelist2
1       10 gameCvarTable
1      9b0 gameCvarTableSize
1      9e4 gQueueScoreMessage
1      9e8 gQueueScoreMessageTime
1      9ec gDidDuelStuff
1      9f4 g_LastFrameTime
1      9f8 g_TimeSinceLastFrame
1      9fc gDoSlowMoDuel
1      a00 gSlowMoDuelTime
1      a04 ctfStateNames
1      a20 ctfStateDescriptions
1      a38 sagaStateDescriptions
1      a44 teamplayStateDescriptions
1      b0c gWPRenderTime
1      b10 gDeactivated
1      b14 gBotEdit
1      b18 gWPRenderedFrame
1      b1c gWPNum
1      b20 gLastPrintedIndex
1      b24 gLevelFlags
1      b28 botGlobalNavWeaponWeights
1      b68 randSeed
1      bdc forceMasteryLevels
1      bfc forceMasteryPoints
1      c1c bgForcePowerCost
1      d3c forcePowerSorted
1      d84 forcePowerDarkLight
1      dcc WeaponReadyAnim
1      e0c WeaponAttackAnim
1      e4c bg_itemlist
1     1708 bg_numItems
1     1760 eventnames
1     1918 bg_poolSize
1     191c bg_poolTail
1     1920 gPMDoSlowFall
1     1924 pm_stopspeed
1     1928 pm_duckScale
1     192c pm_swimScale
1     1930 pm_wadeScale
1     1934 pm_accelerate
1     1938 pm_airaccelerate
1     193c pm_wateraccelerate
1     1940 pm_flyaccelerate
1     1944 pm_friction
1     1948 pm_waterfriction
1     194c pm_flightfriction
1     1950 pm_spectatorfriction
1     1954 c_pmove
1     1958 forceSpeedLevels
1     1968 forcePowerNeeded
1     1a88 forceJumpHeight
1     1a98 forceJumpStrength
1     1b3c animTable
1     4590 BGPAFtextLoaded
1     4594 WP_MuzzlePoint
1     4654 weaponData
1     49d4 ammoData
1     49fc saberMoveData
1     5c6c transitionMove
1     5ef0 saberMoveTransitionAngle
1     6108 playerMins
1     6114 playerMaxs
1     6120 gJMSaberEnt
1     6124 g2SaberInstance
1     6144 gc_orders
1     6160 gameNames
1     619c modNames
1     644c hitLocName
1     6508 gGAvoidDismember
1     6588 shieldLoopSound
1     658c shieldAttachSound
1     6590 shieldActivateSound
1     6594 shieldDeactivateSound
1     6598 shieldDamageSound
1     65d8 weaponFromMOD
1     6670 weaponNameFromIndex
1     66b0 gAnimEntTypes
1     66b4 animEntRoot
1     66b8 gEscaping
1     66bc gEscapeTime
1     66f0 fields
1     6870 spawns
1     6ac4 defaultStyles
1     6c44 precachedKyle
1     6c80 remapCount
1     6cb4 gG2KillNum
1     8d4c speedLoopSound
1     8d50 rageLoopSound
1     8d54 protectLoopSound
1     8d58 absorbLoopSound
1     8d5c seeLoopSound
1     8d60 ysalamiriLoopSound
1     8d64 forcePowerMinRank
1     9058 saberSpinSound
1     905c saberOffSound
1     9060 saberOnSound
1     9064 saberHumSound
1     9150 vec3_origin
1     915c axisDefault
1     9180 colorBlack
1     9190 colorRed
1     91a0 colorGreen
1     91b0 colorBlue
1     91c0 colorYellow
1     91d0 colorMagenta
1     91e0 colorCyan
1     91f0 colorWhite
1     9200 colorLtGrey
1     9210 colorMdGrey
1     9220 colorDkGrey
1     9230 colorLtBlue
1     9240 colorDkBlue
1     9250 g_color_table
1     92d0 bytedirs
1     9a88 holdrand
2     c420 ctfFlagStatusRemap
2   3c5ba8 _stackStart
2   3d5ba8 _stackEnd
3        0 g_listEntity
3      110 g_podiumDrop
3      220 g_podiumDist
3      330 g_statLogFile
3      440 g_statLog
3      550 g_logSync
3      660 g_log
3      770 g_MaxHolocronCarry
3      880 g_clients
3     e980 g_austrian
3     ea90 g_saberDebugPrint
3     eba0 g_saberDmgDelay_Wound
3     ecb0 g_saberDmgDelay_Idle
3     edc0 g_saberDmgVelocityScale
3     eed0 g_timeouttospec
3     efe0 g_forceDodge
3     f0f0 g_dismember
3     f200 g_singlePlayer
3     f310 g_enableBreath
3     f420 g_enableDust
3     f530 g_rankings
3     f640 pmove_msec
3     f750 pmove_fixed
3     f860 g_smoothClients
3     f970 g_blueteam
3     fa80 g_redteam
3     fb90 g_debugUp
3     fca0 g_debugRight
3     fdb0 g_debugForward
3     fec0 g_filterBan
3     ffd0 g_banIPs
3    100e0 g_teamForceBalance
3    101f0 g_teamAutoJoin
3    10300 g_allowVote
3    10410 g_blood
3    10520 g_doWarmup
3    10630 g_warmup
3    10740 g_motd
3    10850 g_synchronousClients
3    10960 g_adaptRespawn
3    10a70 g_weaponTeamRespawn
3    10b80 g_weaponRespawn
3    10c90 g_debugDamage
3    10da0 g_debugAlloc
3    10eb0 g_debugMove
3    10fc0 g_inactivity
3    110d0 g_forcerespawn
3    111e0 g_quadfactor
3    112f0 g_knockback
3    11400 g_speed
3    11510 g_gravity
3    11620 g_needpass
3    11730 g_password
3    11840 g_friendlySaber
3    11950 g_friendlyFire
3    11a60 g_saberInterpolate
3    11b70 g_capturelimit
3    11c80 g_timelimit
3    11d90 g_duel_fraglimit
3    11ea0 g_fraglimit
3    11fb0 g_duelWeaponDisable
3    120c0 g_fraglimitVoteCorrection
3    121d0 g_allowDuelSuicide
3    122e0 g_weaponDisable
3    123f0 g_forcePowerDisable
3    12500 g_spawnInvulnerability
3    12610 g_forceRegenTime
3    12720 g_saberDamageScale
3    12830 g_slowmoDuelEnd
3    12940 g_logClientInfo
3    12a50 g_saberBoxTraceSize
3    12b60 g_saberAlwaysBoxTrace
3    12c70 g_saberGhoul2Collision
3    12d80 g_saberTraceSaberFirst
3    12e90 g_saberLockFactor
3    12fa0 g_saberLocking
3    130b0 g_privateDuel
3    131c0 g_forceBasedTeams
3    132d0 g_maxForceRank
3    133e0 g_dmflags
3    134f0 g_autoMapCycle
3    13600 g_trueJedi
3    13710 g_restarted
3    13820 g_maxGameClients
3    13930 g_maxclients
3    13a40 g_cheats
3    13b50 g_dedicated
3    13c60 g_gametype
3    13d70 g_entities
3    e2d70 level
3    e50f8 g_ff_objectives
3    e5214 droppedBlueFlag
3    e5218 droppedRedFlag
3    e521c gBotEventTracker
3    e541c regularupdate_time
3    e5420 numbots
3    e5424 botstates
3    e54a4 floattime
3    e54a8 eFlagBlue
3    e54ac eFlagRed
3    e54b0 oFlagBlue
3    e54b4 flagBlue
3    e54b8 oFlagRed
3    e54bc flagRed
3    e54c0 bot_wp_visconnect
3    e55d0 bot_wp_distconnect
3    e56e0 bot_wp_clearweight
3    e57f0 bot_wp_edit
3    e5900 bot_wp_info
3    e5a10 bot_camp
3    e5b20 bot_attachments
3    e5c30 bot_honorableduelacceptance
3    e5d40 bot_forgimmick
3    e5e50 bot_forcepowers
3    e5f60 gBotChatBuffer
3   125f60 nodenum
3   125f64 nodetable
3   145f64 gWPArray
3   149f64 bg_pool
3   33df64 pml
3   33e3f0 pm
3   33e3f4 BGPAFtext
3   348034 bgGlobalAnimations
3   3504a8 podium3
3   3504ac podium2
3   3504b0 podium1
3   3504b8 bot_minplayers
3   3505c8 botSpawnQueue
3   350648 g_arenaInfos
3   351648 g_numArenas
3   35164c g_botInfos
3   35264c g_numBots
3   352a50 Client_Force
3   356958 itemRegistered
3   356d58 G_WeaponLogItems
3   357558 G_WeaponLogPowerups
3   3578d8 G_WeaponLogClientTouch
3   357958 G_WeaponLogLastTime
3   3579d8 G_WeaponLogTime
3   3581d8 G_WeaponLogFrags
3   3591d8 G_WeaponLogDeaths
3   3599d8 G_WeaponLogKills
3   35acd8 G_WeaponLogDamage
3   35bfd8 G_WeaponLogFired
3   35c7d8 G_WeaponLogPickups
3   35cfd8 allocPoint
3   35cfdc memoryPool
3   39cfdc gJanSound_Alert
3   39cff0 gJanSound_Death
3   39cffc gJanSound_Pain
3   39d00c gRodianSound_Alert
3   39d020 gRodianSound_Death
3   39d02c gRodianSound_Pain
3   39d03c gTrooperSound_Alert
3   39d050 gTrooperSound_Death
3   39d05c gTrooperSound_Pain
3   39d06c gExplSound
3   39d070 pushed_p
3   39d074 pushed
3   3a5074 imperial_attackers
3   3a5078 rebel_attackers
3   3a507c rebel_goals_completed
3   3a5080 rebel_goals_required
3   3a5084 imperial_goals_completed
3   3a5088 imperial_goals_required
3   3a508c saga_round_over
3   3a5090 saga_valid
3   3a5094 saga_info
3   3a7094 numIPFilters
3   3a7098 ipFilters
3   3a9098 teamgame
3   3a90b4 gTrigFallSound
3   3aa658 gG2KillIndex
3   3aa758 remappedShaders
3   3ae958 ent_list
3   3af958 muzzle
3   3af964 up
3   3af970 right
3   3af97c forward
3   3af988 s_quadFactor
3   3c53a4 com_lines
3   3c53a8 com_parsename
3   3c57a8 com_token
